{
    "/input/test.bag": {
        "duration": 0.22497773170471191,
        "end_time": 1649764528.2961242,
        "file_name": "test.bag",
        "file_size_mb": "7.432245254516602",
        "start_time": 1649764528.0711465,
        "topics": [
            {
                "Frequency": "44",
                "Message Count": 10,
                "Topics": "/alphasense/cam0/image_raw",
                "Types": "sensor_msgs/Image"
            },
            {
                "Frequency": "44",
                "Message Count": 10,
                "Topics": "/alphasense/cam1/image_raw",
                "Types": "sensor_msgs/Image"
            }
        ]
    }
}