{
    "Files": "/input/tiny.db3",
    "BagSize": "144.0 KiB",
    "StorageId": "sqlite3",
    "Duration": "18.761s",
    "Start_date": "Sep  7 2023 13",
    "Start_time": "13:31:33.626",
    "Start_s": "1694093493.626",
    "End": "Sep  7 2023 13",
    "End_time": "13:31:52.387",
    "End_s": "1694093512.387",
    "Messages": "2352",
    "Topics": [
        {
            "Topic": "/rosout",
            "Type": "rcl_interfaces/msg/Log",
            "Count": 6,
            "SerializationFormat": "cdr"
        },
        {
            "Topic": "/turtle1/color_sensor",
            "Type": "turtlesim/msg/Color",
            "Count": 1173,
            "SerializationFormat": "cdr"
        },
        {
            "Topic": "/turtle1/pose",
            "Type": "turtlesim/msg/Pose",
            "Count": 1173,
            "SerializationFormat": "cdr"
        }
    ]
}